data/runs/0a7e11bd-6e57-4847-ade8-85641c6275dd/panel.csv
t,firm_id,price,cost,quantity,profit
0,0,2.6,1.0,2500.0,4000.0
1,0,2.6,1.024422950667176,2500.0,3938.94262333206
2,0,2.6,0.9335556383546412,2500.0,4166.110904113397
3,0,2.6,0.9352213684122459,2500.0,4161.946578969386
4,0,2.6,1.057871171340842,2500.0,3855.3220716478954
5,0,2.6,1.0022848255506138,2500.0,3994.2879361234654
6,0,2.6,1.0049412404746678,2500.0,3987.6468988133306
7,0,2.6,0.9689943830087935,2500.0,4077.5140424780166
8,0,2.6,0.896422430753588,2500.0,4258.94392311603
9,0,2.6,0.6886355796126507,2500.0,4778.411050968373
10,0,2.6,0.695647082688062,2500.0,4760.882293279846
11,0,2.6,0.7511774512439409,2500.0,4622.0563718901485
12,0,2.6,0.9424945259685612,2500.0,4143.7636850785975
13,0,2.6,0.7613887489774948,2500.0,4596.528127556263
14,0,2.6,0.805486140070959,2500.0,4486.284649822603
15,0,2.6,0.8897625982717632,2435.5254849274097,4165.326777185157
16,0,2.6,1.0298941650210844,2459.695186459748,3861.9817645300022
17,0,2.6,1.0924782354855347,2409.3330444499215,3632.1220024721547
18,0,2.6,1.1565364037920993,2380.920419290593,3436.7719507140228
19,0,2.6,1.1475904484992896,2311.101179612654,3356.665427753978
20,0,2.6,1.0186542535190592,2325.5844769366167,3677.5531206858227
21,0,2.6,1.1453153752484522,2256.102328789879,3281.9173695567983
22,0,2.6,1.1352847207677692,2267.302555340697,3320.9526954497996
23,0,2.6,1.166394578736915,2268.8429691102156,3252.6255805110395
24,0,2.6,1.3760009330080456,2185.141268364247,2674.6108737234545
25,0,2.6,1.4519649226066196,2190.416598593525,2514.6750892900627
26,0,2.6,1.4185476811454396,2128.2217721700254,2514.3925477670386
27,0,2.6,1.1412577151480476,2127.787415941705,3103.893476810035
28,0,2.6,1.1438820740554578,2149.680596284471,3130.188451304971
29,0,2.6,1.1415633880374099,2140.972055166369,3122.472030443423
30,0,2.6,1.040555153775374,2127.787415941705,3318.167119651907
31,0,2.6,1.1955567347295863,2127.787415941705,2988.3567062464645
32,0,2.6,1.0882745499797106,2154.326631169705,3256.750395995716
33,0,2.6,1.0925122593718892,2127.787415941705,3207.6134441948875
34,0,2.6,1.1713388846407384,2127.787415941705,3039.8871429066776
35,0,2.6,1.2765318509351726,2188.3162685589805,2896.166881518204
36,0,2.6,1.2023485621607308,2267.241077256748,3168.8127515561478
37,0,2.6,1.186012327382621,2379.2195644777244,3364.1871346215917
38,0,2.6,1.1364702786351941,2256.375267523951,3302.272266573768
39,0,2.6,1.1278112353059844,2217.8171736884083,3265.0455252495112
40,0,2.6,0.9986698700413748,2127.787415941705,3407.290099294258
41,0,2.6,0.9932287041945789,2127.787415941705,3418.867743511122
42,0,2.6,0.9054173730981114,2127.787415941705,3605.7115887952764
43,0,2.6,0.9960630184608317,2127.787415941705,3412.8369252825655
44,0,2.6,0.9277913959183076,2150.623862504828,3596.291727023977
45,0,2.6,0.9114706921866359,2156.9441112296145,3642.063347126653
46,0,2.6,0.7693908631113239,2191.863444159015,4012.4452476897764
47,0,2.6,0.7465345761786729,2226.4675142909527,4126.680554999698
48,0,2.6,0.6610773141208023,2140.0223294608845,4149.337842879756
49,0,2.6,0.8300392503835919,2127.787415941705,3766.1002097445407
50,0,2.6,0.6997192033967193,2127.787415941705,4043.3935657681395
51,0,2.577068130918957,0.5770681309189573,2147.056556241267,4294.113112482534
52,0,2.6,0.6246230589822359,2127.787415941705,4203.182196839019
53,0,2.6,0.6383442055525461,2233.609710705956,4381.57343154044
54,0,2.6,0.9322986516486377,2217.9506979571124,3698.879369559922
55,0,2.6,0.8180580220483631,2270.9981243828447,4046.786889687224
56,0,2.6,0.8919033180545702,2304.204510084852,3935.8040781996297
57,0,2.6,0.870270142254439,2156.9392278043006,3730.9221836757533
58,0,2.6,0.9302807317818673,2127.787415941705,3552.8076470699357
59,0,2.6,1.0504279155069007,2127.787415941705,3297.1599814789734
60,0,2.6,1.0999788164943576,2127.787415941705,3191.7261979092896
61,0,2.6,1.0675505377235786,2127.787415941705,3260.7266813984024
62,0,2.6,1.1105140883796092,2145.620424729088,3195.871394318936
63,0,2.6,1.2043151659980607,2192.479943313993,3060.0110057367715
64,0,2.6,1.126887300666347,2281.972795720895,3361.6031049103713
65,0,2.6,1.1816386194116724,2264.4851542837187,3211.8582897516276
66,0,2.6,1.2493910394277088,2168.859276445686,2929.28077298788
67,0,2.6,1.109217918586513,2140.630320451977,3191.213324660218
68,0,2.6,1.2812545764656236,2127.787415941705,2806.0099170271606
69,0,2.6,1.3495034048064487,2168.6710914122336,2711.915815905681
70,0,2.6,1.2501370227217765,2160.739873786481,2916.7027591531923
71,0,2.6,1.381163896646047,2152.29046495353,2623.289323589828
72,0,2.6,1.4002685541370608,2127.787415941705,2552.7734730167094
73,0,2.6,1.2897300374758651,2138.9884870828328,2802.6523648095795
74,0,2.6,1.4095585132882085,2141.308139176919,2549.1020447098317
75,0,2.6,1.1861583523866097,2225.6959373740206,3146.7816111833145
76,0,2.6,1.215411655434509,2362.6762755600425,3271.3340331218396
77,0,2.6,1.236669937289054,2440.500118768029,3327.2071799660885
78,0,2.6,1.19881678359991,2480.986208023728,3476.3162348029505
79,0,2.6,1.1647420742080223,2439.6213381566636,3501.485861520582
80,0,2.6,1.1959563189436335,2500.0,3510.1092026409165
81,0,2.6,1.0476149480948944,2500.0,3880.962629762764
82,0,2.6,1.0199978714264288,2500.0,3950.005321433928
83,0,2.6,0.9694570006374381,2500.0,4076.357498406405
84,0,2.6,0.9621053290748691,2500.0,4094.7366773128274
85,0,2.6,1.0163505406636577,2500.0,3959.123648340856
86,0,2.6,1.2025786568239498,2500.0,3493.553357940126
87,0,2.6,1.2553916100421798,2500.0,3361.520974894551
88,0,2.6,1.241281497378517,2500.0,3396.796256553708
89,0,2.6,1.2044267501210053,2500.0,3488.933124697487
90,0,2.6,1.1524796560137303,2500.0,3618.8008599656746
91,0,2.6,1.1631577847512844,2500.0,3592.1055381217893
92,0,2.6,1.1005387181661503,2500.0,3748.6532045846243
93,0,2.6,1.1222787026693697,2500.0,3694.303243326576
94,0,2.6,1.1477855100192638,2500.0,3630.5362249518407
95,0,2.6,1.1022164203278972,2500.0,3744.458949180257
96,0,2.6,1.0929186686367358,2500.0,3767.703328408161
97,0,2.6,1.1391961763289067,2500.0,3652.0095591777335
98,0,2.6,1.1512719913395546,2500.0,3621.8200216511136
99,0,2.6,1.1309281524911539,2500.0,3672.6796187721156
0,1,2.6,1.0,2500.0,4000.0
1,1,2.6,1.0678178320078855,2500.0,3830.4554199802865
2,1,2.6,0.868634010895749,2500.0,4328.414972760628
3,1,2.6,0.8892071453904318,2500.0,4276.98213652392
4,1,2.6,0.9835272031582334,2500.0,4041.1819921044166
5,1,2.6,0.9478580647523753,2500.0,4130.354838119062
6,1,2.6,0.8862412927823207,2500.0,4284.396768044198
7,1,2.6,0.8508455863883848,2500.0,4372.8860340290385
8,1,2.6,0.6940539975938383,2500.0,4764.865006015404
9,1,2.6,0.7204918611764104,2500.0,4698.770347058974
10,1,2.6,0.7214193686060311,2500.0,4696.451578484923
11,1,2.6,0.7610486253306922,2500.0,4597.37843667327
12,1,2.6,0.6386470052566696,2500.0,4903.382486858326
13,1,2.6,0.6412440959887756,2500.0,4896.889760028062
14,1,2.6,0.6075080981672267,2500.0,4981.229754581934
15,1,2.5177495595110484,0.5177495595110486,2537.77511550622,5075.550231012439
16,1,2.5355067103253335,0.5355067103253336,2540.3048135402523,5080.609627080505
17,1,2.478326999425402,0.47832699942540186,2560.4588083564445,5120.917616712889
18,1,2.416611877037631,0.416611877037631,2609.558905160214,5219.117810320428
19,1,2.297184725453498,0.29718472545349794,2688.8988203873464,5377.797640774693
20,1,2.3204810699064753,0.3204810699064752,2674.4155230633837,5348.831046126767
21,1,2.2085185475561273,0.20851854755612714,2743.8976712101207,5487.7953424202415
22,1,2.226603253904436,0.22660325390443586,2732.6974446593035,5465.394889318607
23,1,2.229089312125431,0.22908931212543104,2731.1570308897844,5462.314061779569
24,1,2.0935368079648473,0.09353680796484751,2814.858731635753,5629.717463271505
25,1,2.1021110735564856,0.10211107355648565,2809.583401406474,5619.166802812948
26,1,2.0007107056245403,0.0007107056245402588,2871.778227829974,5743.556455659948
27,1,2.0,0.0,2872.2125840582953,5744.425168116591
28,1,2.0357764235112406,0.03577642351124069,2850.319403715529,5700.638807431057
29,1,2.02155653931442,0.02155653931442011,2859.027944833631,5718.055889667262
30,1,2.0,0.0,2872.2125840582953,5744.425168116591
31,1,2.0,0.0,2872.2125840582953,5744.425168116591
32,1,2.0433569640359694,0.04335696403596938,2845.6733688302947,5691.3467376605895
33,1,2.0,0.0,2872.2125840582953,5744.425168116591
34,1,2.0,0.0,2872.2125840582953,5744.425168116591
35,1,2.0986978488044015,0.09869784880440138,2811.68373144102,5623.36746288204
36,1,2.2265040290893343,0.22650402908933417,2732.758922743252,5465.517845486504
37,1,2.406600740505122,0.406600740505122,2620.7804355222756,5241.560871044551
38,1,2.2089594411611677,0.20895944116116774,2743.624732476049,5487.249464952098
39,1,2.1465752963061786,0.1465752963061788,2782.182826311592,5564.365652623183
40,1,2.0,0.0,2872.2125840582953,5744.425168116591
41,1,2.0,0.0,2872.2125840582953,5744.425168116591
42,1,2.0,0.0,2872.2125840582953,5744.425168116591
43,1,2.0,0.0,2872.2125840582953,5744.425168116591
44,1,2.0373157949231047,0.03731579492310446,2849.3761374951714,5698.752274990343
45,1,2.047625931599331,0.04762593159933108,2843.055888770385,5686.11177754077
46,1,2.104461907587755,0.10446190758775478,2808.136555840985,5616.27311168197
47,1,2.160588963706232,0.1605889637062318,2773.5324857090477,5547.064971418095
48,1,2.0200048920187244,0.020004892018724213,2859.977670539116,5719.955341078232
49,1,2.0,0.0,2872.2125840582953,5744.425168116591
50,1,2.0,0.0,2872.2125840582953,5744.425168116591
51,1,2.0,0.0,2865.182150535137,5730.364301070274
52,1,2.0,0.0,2872.2125840582953,5744.425168116591
53,1,2.1721513108519486,0.1721513108519485,2766.3902892940446,5532.780578588089
54,1,2.146791690771617,0.14679169077161724,2782.0493020428876,5564.098604085775
55,1,2.2325670164137548,0.23256701641375493,2729.0018756171553,5458.00375123431
56,1,2.2860843372714292,0.2860843372714291,2695.7954899151478,5391.5909798302955
57,1,2.0476179681654343,0.0476179681654344,2843.060772195699,5686.121544391398
58,1,2.0,0.0,2872.2125840582953,5744.425168116591
59,1,2.0,0.0,2872.2125840582953,5744.425168116591
60,1,2.0,0.0,2872.2125840582953,5744.425168116591
61,1,2.0,0.0,2872.2125840582953,5744.425168116591
62,1,2.029148490003933,0.029148490003933367,2854.3795752709116,5708.759150541822
63,1,2.105463491579093,0.10546349157909302,2807.520056686007,5615.040113372013
64,1,2.250268011026245,0.2502680110262452,2718.0272042791053,5436.05440855821
65,1,2.222055533161229,0.22205553316122895,2735.514845716281,5471.029691432562
66,1,2.0670432746203407,0.06704327462034082,2831.140723554314,5662.281447108627
67,1,2.0209982383129597,0.02099823831295946,2859.369679548023,5718.739359096046
68,1,2.0,0.0,2872.2125840582953,5744.425168116591
69,1,2.06673679848833,0.06673679848832996,2831.328908587767,5662.657817175533
70,1,2.05381439582358,0.05381439582357994,2839.2601262135186,5678.520252427037
71,1,2.04003521672492,0.04003521672491967,2847.7095350464706,5695.419070092941
72,1,2.0,0.0,2872.2125840582953,5744.425168116591
73,1,2.0183156191089004,0.018315619108900397,2861.0115129171677,5722.023025834335
74,1,2.0221055867832445,0.022105586783244584,2858.6918608230812,5717.3837216461625
75,1,2.159339440103705,0.15933944010370513,2774.304062625979,5548.608125251958
76,1,2.380060658725668,0.3800606587256681,2637.323724439958,5274.647448879916
77,1,2.5047822089956755,0.5047822089956753,2559.4998812319714,5118.999762463943
78,1,2.5695773462407487,0.5695773462407488,2519.013791976272,5038.027583952544
79,1,2.5033753512924815,0.5033753512924817,2560.378661843336,5120.757323686671
80,1,2.6,0.7550190428296286,2500.0,4612.4523929259285
81,1,2.6,0.8352753676197127,2500.0,4411.811580950719
82,1,2.6,0.8493888749507831,2500.0,4376.527812623042
83,1,2.6,0.7820047022034916,2500.0,4544.988244491272
84,1,2.6,0.7715868992152277,2500.0,4571.032751961931
85,1,2.6,0.8148855082515033,2500.0,4462.7862293712415
86,1,2.6,0.9547100353340263,2500.0,4113.224911664935
87,1,2.6,1.0320937572428635,2500.0,3919.765606892842
88,1,2.6,1.0392929241153852,2500.0,3901.767689711537
89,1,2.6,0.92265197673743,2500.0,4193.370058156424
90,1,2.6,0.8293836744271017,2500.0,4426.540813932246
91,1,2.6,0.760757984343366,2500.0,4598.105039141586
92,1,2.6,0.8117548576324415,2500.0,4470.6128559188965
93,1,2.6,0.7736490038075514,2500.0,4565.877490481122
94,1,2.6,0.6165323251156525,2500.0,4958.669187210869
95,1,2.6,0.8242000815444284,2500.0,4439.499796138929
96,1,2.6,0.7639106233888774,2500.0,4590.223441527806
97,1,2.6,0.8070238851538325,2500.0,4482.440287115419
98,1,2.6,0.9215277289445474,2500.0,4196.180677638632
99,1,2.6,0.9834792815025699,2500.0,4041.3017962435756
