data/runs/0a7e11bd-6e57-4847-ade8-85641c6275dd/panel.csv
t,firm_id,price,cost,quantity,profit
0,2,2.6,1.0,2500.0,4000.0
1,2,2.6,0.941447061864793,2500.0,4146.382345338017
2,2,2.6,1.0386093600634132,2500.0,3903.4765998414673
3,2,2.6,0.9602498724128519,2500.0,4099.375318967871
4,2,2.6,0.9480674842640828,2500.0,4129.831289339793
5,2,2.6,0.8682049300216179,2500.0,4329.487674945955
6,2,2.6,0.9267591820758221,2500.0,4183.102044810445
7,2,2.6,1.0804844824960211,2500.0,3798.7887937599476
8,2,2.6,1.117106001736766,2500.0,3707.234995658085
9,2,2.6,1.2152780159260301,2500.0,3461.8049601849248
10,2,2.6,1.0102170807010746,2500.0,3974.4572982473137
11,2,2.6,0.8930173048636245,2500.0,4267.456737840939
12,2,2.6,0.7250882686919096,2500.0,4687.279328270226
13,2,2.6,0.7588753937066193,2500.0,4602.811515733452
14,2,2.6,0.6776078915030331,2500.0,4805.980271242417
15,2,2.55662387090505,0.5566238709050499,2488.9242840601505,4977.848568120301
16,2,2.6,0.6037528604441481,2459.695186459748,4910.15948014957
17,2,2.550466601843996,0.5504666018439961,2469.7493388371895,4939.498677674379
18,2,2.5840686709884633,0.584068670988463,2399.9617703889776,4799.923540777955
19,2,2.6,0.6807077478817445,2311.101179612654,4435.678587891928
20,2,2.6,0.6874062157912278,2325.5844769366167,4447.898415241382
21,2,2.6,0.6330865456348707,2256.102328789879,4437.5580249213135
22,2,2.6,0.7199322600086465,2267.302555340697,4262.682391096005
23,2,2.6,0.8227660389939765,2268.8429691102156,4032.2647768924153
24,2,2.6,0.8221913803290496,2185.141268364247,3884.7629820966717
25,2,2.6,0.9656551570341492,2190.416598593525,3579.896071858128
26,2,2.6,1.0527062300223804,2128.2217721700254,3292.9842892094093
27,2,2.6,1.2893141909235444,2127.787415941705,2788.860770806255
28,2,2.6,1.1941535831354524,2149.680596284471,3022.120763689768
29,2,2.6,1.3799872265404072,2140.972055166369,2612.0132549230066
30,2,2.6,1.4206523389544845,2127.787415941705,2509.4011121929316
31,2,2.6,1.2382993995569729,2127.787415941705,2897.409401902937
32,2,2.6,1.1820735366218527,2154.326631169705,3054.676741095818
33,2,2.6,1.1300372329685318,2127.787415941705,3127.768277592407
34,2,2.6,1.0276330052205558,2127.787415941705,3345.6627047337784
35,2,2.6,0.9810924907684824,2188.3162685589805,3542.6816397436282
36,2,2.6,0.926099644416151,2267.241077256748,3795.13564541438
37,2,2.6,0.944785667487266,2379.2195644777244,3938.1183233182346
38,2,2.6,0.9483263149179981,2256.375267523951,3726.7956530391725
39,2,2.6,1.0408810193363451,2217.8171736884083,3457.840851139419
40,2,2.6,0.9620645641603367,2127.787415941705,3485.178408504628
41,2,2.6,0.8411975146244185,2127.787415941705,3742.3577955091578
42,2,2.6,0.7641807486239576,2127.787415941705,3906.2331010214652
43,2,2.6,0.7962402730713591,2127.787415941705,3838.0172483412084
44,2,2.6,0.9845837412218091,2150.623862504828,3474.1527540066522
45,2,2.6,1.058780502739947,2156.9441112296145,3324.3243187273383
46,2,2.6,1.1310160225071169,2191.863444159015,3219.8122803219603
47,2,2.6,1.134707406563615,2226.4675142909527,3262.426358217252
48,2,2.6,1.2237018507331172,2140.0223294608845,2945.308771426819
49,2,2.6,1.2515346717938962,2127.787415941705,2869.247556190649
50,2,2.6,1.1931840947871786,2127.787415941705,2993.4051796584804
51,2,2.6,1.2837956797118908,2122.5791426884584,2793.74783775998
52,2,2.6,1.4177682141716799,2127.787415941705,2515.5379166117887
53,2,2.6,1.2792095620300352,2233.609710705956,2950.130348057286
54,2,2.6,1.153318736003743,2217.9506979571124,3208.667719201976
55,2,2.6,1.236379704890378,2270.9981243828447,3096.779132564333
56,2,2.6,1.1163395730638814,2304.204510084852,3418.6570471806212
57,2,2.6,1.0217789584158832,2156.9392278043006,3404.126874738944
58,2,2.6,1.252599140818044,2127.787415941705,2866.9825923964077
59,2,2.6,1.3188965483063437,2127.787415941705,2725.915803033244
60,2,2.6,1.3720317194729021,2127.787415941705,2612.8554544811327
61,2,2.6,1.421541731802019,2127.787415941705,2507.508673284119
62,2,2.6,1.452803168880155,2145.620424729088,2461.448952035226
63,2,2.6,1.3321719766688596,2192.479943313993,2779.6875127249505
64,2,2.6,1.4872883088020856,2281.972795720895,2539.1778087942303
65,2,2.6,1.5688023376221962,2264.4851542837187,2335.1317975866114
66,2,2.6,1.57540716291007,2168.859276445686,2222.197679302298
67,2,2.6,1.5785640197596957,2140.630320451977,2186.516829702982
68,2,2.6,1.5429233356559855,2127.787415941705,2249.234424076828
69,2,2.6,1.6280226846743033,2168.6710914122336,2107.8991052553115
70,2,2.6,1.5817664574923986,2160.739873786481,2200.1378161230364
71,2,2.6,1.5835726657501175,2152.29046495353,2187.6468598241568
72,2,2.6,1.6353325035177746,2127.787415941705,2052.6073595828684
73,2,2.6,1.5627848160901907,2138.9884870828328,2218.5913370105854
74,2,2.6,1.7558793577511804,2141.308139176919,1807.522401694646
75,2,2.6,1.8418784943966255,2225.6959373740206,1687.3479550573065
76,2,2.6,1.6990723095898201,2362.6762755600425,2128.600480127235
77,2,2.6,1.7597920634000053,2440.500118768029,2050.527569062128
78,2,2.6,1.7182698985895362,2480.986208023728,2187.560220798724
79,2,2.6,1.8236958813323192,2439.6213381566636,1893.888092800577
80,2,2.6,1.908390556417857,2500.0,1729.023608955358
81,2,2.6,1.7995101879982476,2500.0,2001.2245300043812
82,2,2.6,1.6904720809880558,2500.0,2273.819797529861
83,2,2.6,1.704563469025473,2500.0,2238.591327436318
84,2,2.6,1.8751956014591635,2500.0,1812.0109963520913
85,2,2.6,1.9849255069373237,2500.0,1537.686232656691
86,2,2.6,1.879420907186831,2500.0,1801.4477320329224
87,2,2.6,1.9757902467989683,2500.0,1560.5243830025795
88,2,2.6,1.8871754564484964,2500.0,1782.0613588787592
89,2,2.6,2.014576101758253,2500.0,1463.5597456043681
90,2,2.6,2.0441098651009293,2500.0,1389.725337247677
91,2,2.6,2.081774103833405,2500.0,1295.5647404164872
92,2,2.6,2.0790735227949444,2500.0,1302.3161930126391
93,2,2.6,2.012128779674304,2500.0,1469.6780508142404
94,2,2.6,2.150602789586241,2500.0,1123.4930260343979
95,2,2.6,2.217782491693765,2500.0,955.5437707655879
96,2,2.6,2.26970354886865,2500.0,825.7411278283755
97,2,2.6,2.3536644511445126,2500.0,615.8388721387187
98,2,2.6,2.276949169251474,2500.0,807.6270768713156
99,2,2.6,2.1989460600538195,2500.0,1002.6348498654513
